#-----------------------------------------------------------
# Vivado v2017.1 (64-bit)
# SW Build 1846317 on Fri Apr 14 18:54:47 MDT 2017
# IP Build 1846188 on Fri Apr 14 20:52:08 MDT 2017
# Start of session at: Fri Jan 24 15:01:36 2020
# Process ID: 5282
# Current directory: /tp/xph3sei/xph3sei705/Documents/CNN/projet_CNN/EdgeDetector_simple
# Command line: vivado
# Log file: /tp/xph3sei/xph3sei705/Documents/CNN/projet_CNN/EdgeDetector_simple/vivado.log
# Journal file: /tp/xph3sei/xph3sei705/Documents/CNN/projet_CNN/EdgeDetector_simple/vivado.jou
#-----------------------------------------------------------
start_gui
open_project /tp-fmr/GuineMai/Zynq_edge/Z7/Z7_MC_HDMI_proc/Z7_MC_HDMI_proc.xpr
update_compile_order -fileset sources_1
report_ip_status -name ip_status 
reset_run synth_1
reset_run system_MC_HDMI_proc_0_0_synth_1
launch_runs impl_1 -to_step write_bitstream -jobs 4
wait_on_run impl_1
open_run impl_1
open_hw
connect_hw_server
open_hw_target
set_property PROGRAM.FILE {/tp-fmr/GuineMai/Zynq_edge/Z7/Z7_MC_HDMI_proc/Z7_MC_HDMI_proc.runs/impl_1/system_wrapper.bit} [get_hw_devices xc7z020_1]
current_hw_device [get_hw_devices xc7z020_1]
refresh_hw_device -update_hw_probes false [lindex [get_hw_devices xc7z020_1] 0]
set_property PROBES.FILE {} [get_hw_devices xc7z020_1]
set_property FULL_PROBES.FILE {} [get_hw_devices xc7z020_1]
set_property PROGRAM.FILE {/tp-fmr/GuineMai/Zynq_edge/Z7/Z7_MC_HDMI_proc/Z7_MC_HDMI_proc.runs/impl_1/system_wrapper.bit} [get_hw_devices xc7z020_1]
program_hw_devices [get_hw_devices xc7z020_1]
refresh_hw_device [lindex [get_hw_devices xc7z020_1] 0]
launch_sdk -workspace /tp-fmr/GuineMai/Zynq_edge/Z7/Z7_MC_HDMI_proc/Z7_MC_HDMI_proc.sdk -hwspec /tp-fmr/GuineMai/Zynq_edge/Z7/Z7_MC_HDMI_proc/Z7_MC_HDMI_proc.sdk/system_wrapper.hdf
update_ip_catalog -rebuild -scan_changes
report_ip_status -name ip_status
upgrade_ip -vlnv cime3:user:MC_HDMI_proc:1.0 [get_ips  system_MC_HDMI_proc_0_0] -log ip_upgrade.log
export_ip_user_files -of_objects [get_ips system_MC_HDMI_proc_0_0] -no_script -sync -force -quiet
generate_target all [get_files  /tp-fmr/GuineMai/Zynq_edge/Z7/Z7_MC_HDMI_proc/Z7_MC_HDMI_proc.srcs/sources_1/bd/system/system.bd]
catch { config_ip_cache -export [get_ips -all system_MC_HDMI_proc_0_0] }
export_ip_user_files -of_objects [get_files /tp-fmr/GuineMai/Zynq_edge/Z7/Z7_MC_HDMI_proc/Z7_MC_HDMI_proc.srcs/sources_1/bd/system/system.bd] -no_script -sync -force -quiet
create_ip_run [get_files -of_objects [get_fileset sources_1] /tp-fmr/GuineMai/Zynq_edge/Z7/Z7_MC_HDMI_proc/Z7_MC_HDMI_proc.srcs/sources_1/bd/system/system.bd]
launch_runs -jobs 4 system_MC_HDMI_proc_0_0_synth_1
export_simulation -of_objects [get_files /tp-fmr/GuineMai/Zynq_edge/Z7/Z7_MC_HDMI_proc/Z7_MC_HDMI_proc.srcs/sources_1/bd/system/system.bd] -directory /tp-fmr/GuineMai/Zynq_edge/Z7/Z7_MC_HDMI_proc/Z7_MC_HDMI_proc.ip_user_files/sim_scripts -ip_user_files_dir /tp-fmr/GuineMai/Zynq_edge/Z7/Z7_MC_HDMI_proc/Z7_MC_HDMI_proc.ip_user_files -ipstatic_source_dir /tp-fmr/GuineMai/Zynq_edge/Z7/Z7_MC_HDMI_proc/Z7_MC_HDMI_proc.ip_user_files/ipstatic -lib_map_path [list {modelsim=/tp-fmr/GuineMai/Zynq_edge/Z7/Z7_MC_HDMI_proc/Z7_MC_HDMI_proc.cache/compile_simlib/modelsim} {questa=/tp-fmr/GuineMai/Zynq_edge/Z7/Z7_MC_HDMI_proc/Z7_MC_HDMI_proc.cache/compile_simlib/questa} {ies=/tp-fmr/GuineMai/Zynq_edge/Z7/Z7_MC_HDMI_proc/Z7_MC_HDMI_proc.cache/compile_simlib/ies} {vcs=/tp-fmr/GuineMai/Zynq_edge/Z7/Z7_MC_HDMI_proc/Z7_MC_HDMI_proc.cache/compile_simlib/vcs} {riviera=/tp-fmr/GuineMai/Zynq_edge/Z7/Z7_MC_HDMI_proc/Z7_MC_HDMI_proc.cache/compile_simlib/riviera}] -use_ip_compiled_libs -force -quiet
reset_run synth_1
launch_runs impl_1 -to_step write_bitstream -jobs 4
wait_on_run impl_1
set_property PROBES.FILE {} [get_hw_devices xc7z020_1]
set_property FULL_PROBES.FILE {} [get_hw_devices xc7z020_1]
set_property PROGRAM.FILE {/tp-fmr/GuineMai/Zynq_edge/Z7/Z7_MC_HDMI_proc/Z7_MC_HDMI_proc.runs/impl_1/system_wrapper.bit} [get_hw_devices xc7z020_1]
program_hw_devices [get_hw_devices xc7z020_1]
refresh_hw_device [lindex [get_hw_devices xc7z020_1] 0]
launch_sdk -workspace /tp-fmr/GuineMai/Zynq_edge/Z7/Z7_MC_HDMI_proc/Z7_MC_HDMI_proc.sdk -hwspec /tp-fmr/GuineMai/Zynq_edge/Z7/Z7_MC_HDMI_proc/Z7_MC_HDMI_proc.sdk/system_wrapper.hdf
launch_sdk -workspace /tp-fmr/GuineMai/Zynq_edge/Z7/Z7_MC_HDMI_proc/Z7_MC_HDMI_proc.sdk -hwspec /tp-fmr/GuineMai/Zynq_edge/Z7/Z7_MC_HDMI_proc/Z7_MC_HDMI_proc.sdk/system_wrapper.hdf
close_project
open_project /tp-fmr/GuineMai/Zynq_edge/Z7/Z7_MC_HDMI_proc/Z7_MC_HDMI_proc.xpr
update_compile_order -fileset sources_1
reset_run synth_1
reset_run system_MC_HDMI_proc_0_0_synth_1
update_ip_catalog -rebuild -scan_changes
report_ip_status -name ip_status
upgrade_ip -vlnv cime3:user:MC_HDMI_proc:1.0 [get_ips  system_MC_HDMI_proc_0_0] -log ip_upgrade.log
export_ip_user_files -of_objects [get_ips system_MC_HDMI_proc_0_0] -no_script -sync -force -quiet
generate_target all [get_files  /tp-fmr/GuineMai/Zynq_edge/Z7/Z7_MC_HDMI_proc/Z7_MC_HDMI_proc.srcs/sources_1/bd/system/system.bd]
catch { config_ip_cache -export [get_ips -all system_MC_HDMI_proc_0_0] }
export_ip_user_files -of_objects [get_files /tp-fmr/GuineMai/Zynq_edge/Z7/Z7_MC_HDMI_proc/Z7_MC_HDMI_proc.srcs/sources_1/bd/system/system.bd] -no_script -sync -force -quiet
create_ip_run [get_files -of_objects [get_fileset sources_1] /tp-fmr/GuineMai/Zynq_edge/Z7/Z7_MC_HDMI_proc/Z7_MC_HDMI_proc.srcs/sources_1/bd/system/system.bd]
launch_runs -jobs 4 system_MC_HDMI_proc_0_0_synth_1
export_simulation -of_objects [get_files /tp-fmr/GuineMai/Zynq_edge/Z7/Z7_MC_HDMI_proc/Z7_MC_HDMI_proc.srcs/sources_1/bd/system/system.bd] -directory /tp-fmr/GuineMai/Zynq_edge/Z7/Z7_MC_HDMI_proc/Z7_MC_HDMI_proc.ip_user_files/sim_scripts -ip_user_files_dir /tp-fmr/GuineMai/Zynq_edge/Z7/Z7_MC_HDMI_proc/Z7_MC_HDMI_proc.ip_user_files -ipstatic_source_dir /tp-fmr/GuineMai/Zynq_edge/Z7/Z7_MC_HDMI_proc/Z7_MC_HDMI_proc.ip_user_files/ipstatic -lib_map_path [list {modelsim=/tp-fmr/GuineMai/Zynq_edge/Z7/Z7_MC_HDMI_proc/Z7_MC_HDMI_proc.cache/compile_simlib/modelsim} {questa=/tp-fmr/GuineMai/Zynq_edge/Z7/Z7_MC_HDMI_proc/Z7_MC_HDMI_proc.cache/compile_simlib/questa} {ies=/tp-fmr/GuineMai/Zynq_edge/Z7/Z7_MC_HDMI_proc/Z7_MC_HDMI_proc.cache/compile_simlib/ies} {vcs=/tp-fmr/GuineMai/Zynq_edge/Z7/Z7_MC_HDMI_proc/Z7_MC_HDMI_proc.cache/compile_simlib/vcs} {riviera=/tp-fmr/GuineMai/Zynq_edge/Z7/Z7_MC_HDMI_proc/Z7_MC_HDMI_proc.cache/compile_simlib/riviera}] -use_ip_compiled_libs -force -quiet
save_project_as Vivado_edge /tp-fmr/GuineMai/Vivado_edge -force
close_project
open_project /tp-fmr/GuineMai/Zynq/Z7/Z7_MC_HDMI_proc/Z7_MC_HDMI_proc.xpr
update_compile_order -fileset sources_1
update_ip_catalog -rebuild -scan_changes
report_ip_status -name ip_status
upgrade_ip -vlnv cime3:user:MC_HDMI_proc:1.0 [get_ips  system_MC_HDMI_proc_0_0] -log ip_upgrade.log
export_ip_user_files -of_objects [get_ips system_MC_HDMI_proc_0_0] -no_script -sync -force -quiet
generate_target all [get_files  /tp-fmr/GuineMai/Zynq/Z7/Z7_MC_HDMI_proc/Z7_MC_HDMI_proc.srcs/sources_1/bd/system/system.bd]
catch { config_ip_cache -export [get_ips -all system_MC_HDMI_proc_0_0] }
export_ip_user_files -of_objects [get_files /tp-fmr/GuineMai/Zynq/Z7/Z7_MC_HDMI_proc/Z7_MC_HDMI_proc.srcs/sources_1/bd/system/system.bd] -no_script -sync -force -quiet
create_ip_run [get_files -of_objects [get_fileset sources_1] /tp-fmr/GuineMai/Zynq/Z7/Z7_MC_HDMI_proc/Z7_MC_HDMI_proc.srcs/sources_1/bd/system/system.bd]
launch_runs -jobs 4 system_MC_HDMI_proc_0_0_synth_1
export_simulation -of_objects [get_files /tp-fmr/GuineMai/Zynq/Z7/Z7_MC_HDMI_proc/Z7_MC_HDMI_proc.srcs/sources_1/bd/system/system.bd] -directory /tp-fmr/GuineMai/Zynq/Z7/Z7_MC_HDMI_proc/Z7_MC_HDMI_proc.ip_user_files/sim_scripts -ip_user_files_dir /tp-fmr/GuineMai/Zynq/Z7/Z7_MC_HDMI_proc/Z7_MC_HDMI_proc.ip_user_files -ipstatic_source_dir /tp-fmr/GuineMai/Zynq/Z7/Z7_MC_HDMI_proc/Z7_MC_HDMI_proc.ip_user_files/ipstatic -lib_map_path [list {modelsim=/tp-fmr/GuineMai/Zynq/Z7/Z7_MC_HDMI_proc/Z7_MC_HDMI_proc.cache/compile_simlib/modelsim} {questa=/tp-fmr/GuineMai/Zynq/Z7/Z7_MC_HDMI_proc/Z7_MC_HDMI_proc.cache/compile_simlib/questa} {ies=/tp-fmr/GuineMai/Zynq/Z7/Z7_MC_HDMI_proc/Z7_MC_HDMI_proc.cache/compile_simlib/ies} {vcs=/tp-fmr/GuineMai/Zynq/Z7/Z7_MC_HDMI_proc/Z7_MC_HDMI_proc.cache/compile_simlib/vcs} {riviera=/tp-fmr/GuineMai/Zynq/Z7/Z7_MC_HDMI_proc/Z7_MC_HDMI_proc.cache/compile_simlib/riviera}] -use_ip_compiled_libs -force -quiet
reset_run synth_1
reset_run system_MC_HDMI_proc_0_0_synth_1
launch_runs impl_1 -to_step write_bitstream -jobs 4
wait_on_run impl_1
update_ip_catalog -rebuild -scan_changes
report_ip_status -name ip_status
upgrade_ip -vlnv cime3:user:MC_HDMI_proc:1.0 [get_ips  system_MC_HDMI_proc_0_0] -log ip_upgrade.log
export_ip_user_files -of_objects [get_ips system_MC_HDMI_proc_0_0] -no_script -sync -force -quiet
generate_target all [get_files  /tp-fmr/GuineMai/Zynq/Z7/Z7_MC_HDMI_proc/Z7_MC_HDMI_proc.srcs/sources_1/bd/system/system.bd]
catch { config_ip_cache -export [get_ips -all system_MC_HDMI_proc_0_0] }
export_ip_user_files -of_objects [get_files /tp-fmr/GuineMai/Zynq/Z7/Z7_MC_HDMI_proc/Z7_MC_HDMI_proc.srcs/sources_1/bd/system/system.bd] -no_script -sync -force -quiet
create_ip_run [get_files -of_objects [get_fileset sources_1] /tp-fmr/GuineMai/Zynq/Z7/Z7_MC_HDMI_proc/Z7_MC_HDMI_proc.srcs/sources_1/bd/system/system.bd]
launch_runs -jobs 4 system_MC_HDMI_proc_0_0_synth_1
export_simulation -of_objects [get_files /tp-fmr/GuineMai/Zynq/Z7/Z7_MC_HDMI_proc/Z7_MC_HDMI_proc.srcs/sources_1/bd/system/system.bd] -directory /tp-fmr/GuineMai/Zynq/Z7/Z7_MC_HDMI_proc/Z7_MC_HDMI_proc.ip_user_files/sim_scripts -ip_user_files_dir /tp-fmr/GuineMai/Zynq/Z7/Z7_MC_HDMI_proc/Z7_MC_HDMI_proc.ip_user_files -ipstatic_source_dir /tp-fmr/GuineMai/Zynq/Z7/Z7_MC_HDMI_proc/Z7_MC_HDMI_proc.ip_user_files/ipstatic -lib_map_path [list {modelsim=/tp-fmr/GuineMai/Zynq/Z7/Z7_MC_HDMI_proc/Z7_MC_HDMI_proc.cache/compile_simlib/modelsim} {questa=/tp-fmr/GuineMai/Zynq/Z7/Z7_MC_HDMI_proc/Z7_MC_HDMI_proc.cache/compile_simlib/questa} {ies=/tp-fmr/GuineMai/Zynq/Z7/Z7_MC_HDMI_proc/Z7_MC_HDMI_proc.cache/compile_simlib/ies} {vcs=/tp-fmr/GuineMai/Zynq/Z7/Z7_MC_HDMI_proc/Z7_MC_HDMI_proc.cache/compile_simlib/vcs} {riviera=/tp-fmr/GuineMai/Zynq/Z7/Z7_MC_HDMI_proc/Z7_MC_HDMI_proc.cache/compile_simlib/riviera}] -use_ip_compiled_libs -force -quiet
report_ip_status -name ip_status 
reset_run synth_1
reset_run system_MC_HDMI_proc_0_0_synth_1
launch_runs impl_1 -to_step write_bitstream -jobs 4
wait_on_run impl_1
update_ip_catalog -rebuild -scan_changes
report_ip_status -name ip_status
upgrade_ip -vlnv cime3:user:MC_HDMI_proc:1.0 [get_ips  system_MC_HDMI_proc_0_0] -log ip_upgrade.log
export_ip_user_files -of_objects [get_ips system_MC_HDMI_proc_0_0] -no_script -sync -force -quiet
generate_target all [get_files  /tp-fmr/GuineMai/Zynq/Z7/Z7_MC_HDMI_proc/Z7_MC_HDMI_proc.srcs/sources_1/bd/system/system.bd]
catch { config_ip_cache -export [get_ips -all system_MC_HDMI_proc_0_0] }
export_ip_user_files -of_objects [get_files /tp-fmr/GuineMai/Zynq/Z7/Z7_MC_HDMI_proc/Z7_MC_HDMI_proc.srcs/sources_1/bd/system/system.bd] -no_script -sync -force -quiet
create_ip_run [get_files -of_objects [get_fileset sources_1] /tp-fmr/GuineMai/Zynq/Z7/Z7_MC_HDMI_proc/Z7_MC_HDMI_proc.srcs/sources_1/bd/system/system.bd]
launch_runs -jobs 4 system_MC_HDMI_proc_0_0_synth_1
export_simulation -of_objects [get_files /tp-fmr/GuineMai/Zynq/Z7/Z7_MC_HDMI_proc/Z7_MC_HDMI_proc.srcs/sources_1/bd/system/system.bd] -directory /tp-fmr/GuineMai/Zynq/Z7/Z7_MC_HDMI_proc/Z7_MC_HDMI_proc.ip_user_files/sim_scripts -ip_user_files_dir /tp-fmr/GuineMai/Zynq/Z7/Z7_MC_HDMI_proc/Z7_MC_HDMI_proc.ip_user_files -ipstatic_source_dir /tp-fmr/GuineMai/Zynq/Z7/Z7_MC_HDMI_proc/Z7_MC_HDMI_proc.ip_user_files/ipstatic -lib_map_path [list {modelsim=/tp-fmr/GuineMai/Zynq/Z7/Z7_MC_HDMI_proc/Z7_MC_HDMI_proc.cache/compile_simlib/modelsim} {questa=/tp-fmr/GuineMai/Zynq/Z7/Z7_MC_HDMI_proc/Z7_MC_HDMI_proc.cache/compile_simlib/questa} {ies=/tp-fmr/GuineMai/Zynq/Z7/Z7_MC_HDMI_proc/Z7_MC_HDMI_proc.cache/compile_simlib/ies} {vcs=/tp-fmr/GuineMai/Zynq/Z7/Z7_MC_HDMI_proc/Z7_MC_HDMI_proc.cache/compile_simlib/vcs} {riviera=/tp-fmr/GuineMai/Zynq/Z7/Z7_MC_HDMI_proc/Z7_MC_HDMI_proc.cache/compile_simlib/riviera}] -use_ip_compiled_libs -force -quiet
report_ip_status -name ip_status 
reset_run synth_1
reset_run system_MC_HDMI_proc_0_0_synth_1
launch_runs impl_1 -to_step write_bitstream -jobs 4
wait_on_run impl_1
reset_run system_MC_HDMI_proc_0_0_synth_1
launch_runs system_MC_HDMI_proc_0_0_synth_1
wait_on_run system_MC_HDMI_proc_0_0_synth_1
create_ip_run [get_files -of_objects [get_fileset sources_1] /tp-fmr/GuineMai/Zynq/Z7/Z7_MC_HDMI_proc/Z7_MC_HDMI_proc.srcs/sources_1/bd/system/system.bd]
launch_runs system_MC_HDMI_proc_0_0_synth_1
wait_on_run system_MC_HDMI_proc_0_0_synth_1
synth_design -rtl -name rtl_1
open_bd_design {/tp-fmr/GuineMai/Zynq/Z7/Z7_MC_HDMI_proc/Z7_MC_HDMI_proc.srcs/sources_1/bd/system/system.bd}
update_ip_catalog -rebuild -scan_changes
report_ip_status -name ip_status
upgrade_ip -vlnv cime3:user:MC_HDMI_proc:1.0 [get_ips  system_MC_HDMI_proc_0_0] -log ip_upgrade.log
export_ip_user_files -of_objects [get_ips system_MC_HDMI_proc_0_0] -no_script -sync -force -quiet
generate_target all [get_files  /tp-fmr/GuineMai/Zynq/Z7/Z7_MC_HDMI_proc/Z7_MC_HDMI_proc.srcs/sources_1/bd/system/system.bd]
catch { config_ip_cache -export [get_ips -all system_MC_HDMI_proc_0_0] }
export_ip_user_files -of_objects [get_files /tp-fmr/GuineMai/Zynq/Z7/Z7_MC_HDMI_proc/Z7_MC_HDMI_proc.srcs/sources_1/bd/system/system.bd] -no_script -sync -force -quiet
create_ip_run [get_files -of_objects [get_fileset sources_1] /tp-fmr/GuineMai/Zynq/Z7/Z7_MC_HDMI_proc/Z7_MC_HDMI_proc.srcs/sources_1/bd/system/system.bd]
launch_runs -jobs 4 system_MC_HDMI_proc_0_0_synth_1
export_simulation -of_objects [get_files /tp-fmr/GuineMai/Zynq/Z7/Z7_MC_HDMI_proc/Z7_MC_HDMI_proc.srcs/sources_1/bd/system/system.bd] -directory /tp-fmr/GuineMai/Zynq/Z7/Z7_MC_HDMI_proc/Z7_MC_HDMI_proc.ip_user_files/sim_scripts -ip_user_files_dir /tp-fmr/GuineMai/Zynq/Z7/Z7_MC_HDMI_proc/Z7_MC_HDMI_proc.ip_user_files -ipstatic_source_dir /tp-fmr/GuineMai/Zynq/Z7/Z7_MC_HDMI_proc/Z7_MC_HDMI_proc.ip_user_files/ipstatic -lib_map_path [list {modelsim=/tp-fmr/GuineMai/Zynq/Z7/Z7_MC_HDMI_proc/Z7_MC_HDMI_proc.cache/compile_simlib/modelsim} {questa=/tp-fmr/GuineMai/Zynq/Z7/Z7_MC_HDMI_proc/Z7_MC_HDMI_proc.cache/compile_simlib/questa} {ies=/tp-fmr/GuineMai/Zynq/Z7/Z7_MC_HDMI_proc/Z7_MC_HDMI_proc.cache/compile_simlib/ies} {vcs=/tp-fmr/GuineMai/Zynq/Z7/Z7_MC_HDMI_proc/Z7_MC_HDMI_proc.cache/compile_simlib/vcs} {riviera=/tp-fmr/GuineMai/Zynq/Z7/Z7_MC_HDMI_proc/Z7_MC_HDMI_proc.cache/compile_simlib/riviera}] -use_ip_compiled_libs -force -quiet
reset_run synth_1
reset_run system_MC_HDMI_proc_0_0_synth_1
launch_runs impl_1 -to_step write_bitstream -jobs 4
wait_on_run impl_1
update_ip_catalog -rebuild -scan_changes
report_ip_status -name ip_status
upgrade_ip -vlnv cime3:user:MC_HDMI_proc:1.0 [get_ips  system_MC_HDMI_proc_0_0] -log ip_upgrade.log
export_ip_user_files -of_objects [get_ips system_MC_HDMI_proc_0_0] -no_script -sync -force -quiet
generate_target all [get_files  /tp-fmr/GuineMai/Zynq/Z7/Z7_MC_HDMI_proc/Z7_MC_HDMI_proc.srcs/sources_1/bd/system/system.bd]
catch { config_ip_cache -export [get_ips -all system_MC_HDMI_proc_0_0] }
export_ip_user_files -of_objects [get_files /tp-fmr/GuineMai/Zynq/Z7/Z7_MC_HDMI_proc/Z7_MC_HDMI_proc.srcs/sources_1/bd/system/system.bd] -no_script -sync -force -quiet
create_ip_run [get_files -of_objects [get_fileset sources_1] /tp-fmr/GuineMai/Zynq/Z7/Z7_MC_HDMI_proc/Z7_MC_HDMI_proc.srcs/sources_1/bd/system/system.bd]
launch_runs -jobs 4 system_MC_HDMI_proc_0_0_synth_1
export_simulation -of_objects [get_files /tp-fmr/GuineMai/Zynq/Z7/Z7_MC_HDMI_proc/Z7_MC_HDMI_proc.srcs/sources_1/bd/system/system.bd] -directory /tp-fmr/GuineMai/Zynq/Z7/Z7_MC_HDMI_proc/Z7_MC_HDMI_proc.ip_user_files/sim_scripts -ip_user_files_dir /tp-fmr/GuineMai/Zynq/Z7/Z7_MC_HDMI_proc/Z7_MC_HDMI_proc.ip_user_files -ipstatic_source_dir /tp-fmr/GuineMai/Zynq/Z7/Z7_MC_HDMI_proc/Z7_MC_HDMI_proc.ip_user_files/ipstatic -lib_map_path [list {modelsim=/tp-fmr/GuineMai/Zynq/Z7/Z7_MC_HDMI_proc/Z7_MC_HDMI_proc.cache/compile_simlib/modelsim} {questa=/tp-fmr/GuineMai/Zynq/Z7/Z7_MC_HDMI_proc/Z7_MC_HDMI_proc.cache/compile_simlib/questa} {ies=/tp-fmr/GuineMai/Zynq/Z7/Z7_MC_HDMI_proc/Z7_MC_HDMI_proc.cache/compile_simlib/ies} {vcs=/tp-fmr/GuineMai/Zynq/Z7/Z7_MC_HDMI_proc/Z7_MC_HDMI_proc.cache/compile_simlib/vcs} {riviera=/tp-fmr/GuineMai/Zynq/Z7/Z7_MC_HDMI_proc/Z7_MC_HDMI_proc.cache/compile_simlib/riviera}] -use_ip_compiled_libs -force -quiet
reset_run synth_1
reset_run system_MC_HDMI_proc_0_0_synth_1
launch_runs impl_1 -to_step write_bitstream -jobs 4
wait_on_run impl_1
close_project
open_project /tp-fmr/GuineMai/Zynq/Z7/ip_repo/MC_HDMI_proc/tmp_edit_project.xpr
update_compile_order -fileset sources_1
close_project
open_project /tp-fmr/GuineMai/Zynq/Z7/Z7_MC_HDMI_proc/Z7_MC_HDMI_proc.xpr
update_compile_order -fileset sources_1
report_ip_status -name ip_status 
reset_run synth_1
reset_run system_MC_HDMI_proc_0_0_synth_1
launch_runs impl_1 -to_step write_bitstream -jobs 4
wait_on_run impl_1
open_bd_design {/tp-fmr/GuineMai/Zynq/Z7/Z7_MC_HDMI_proc/Z7_MC_HDMI_proc.srcs/sources_1/bd/system/system.bd}
open_project /tp-fmr/GuineMai/Zynq/Z7/ip_repo/MC_HDMI_proc/tmp_edit_project.xpr
update_compile_order -fileset sources_1
ipx::open_ipxact_file /tp-fmr/GuineMai/Zynq/Z7/ip_repo/MC_HDMI_proc/component.xml
report_ip_status -name ip_status 
ipx::unload_core /tp-fmr/GuineMai/Zynq/Z7/ip_repo/MC_HDMI_proc/component.xml
launch_runs synth_1 -jobs 4
wait_on_run synth_1
current_project Z7_MC_HDMI_proc
report_ip_status -name ip_status 
current_project tmp_edit_project
launch_runs impl_1 -jobs 4
wait_on_run impl_1
close_project
delete_bd_objs [get_bd_nets clk_wiz_0_clk_vga] [get_bd_nets MC_HDMI_proc_0_hdmi_TMDS_Clk_p] [get_bd_nets MC_HDMI_proc_0_led] [get_bd_nets D_PHY_DATA_N_1] [get_bd_nets D_PHY_LP_DATA_N_1] [get_bd_nets D_PHY_LP_DATA_P_1] [get_bd_nets D_PHY_LP_CLK_P_1] [get_bd_nets D_PHY_LP_CLK_N_1] [get_bd_nets btn_1] [get_bd_nets sw_1] [get_bd_nets clk_wiz_0_clk_camera] [get_bd_nets clk_wiz_0_clk_hdmi] [get_bd_nets MC_HDMI_proc_0_hdmi_TMDS_Clk_n] [get_bd_nets MC_HDMI_proc_0_hdmi_TMDS_Data_p] [get_bd_nets MC_HDMI_proc_0_hdmi_TMDS_Data_n] [get_bd_nets D_PHY_CLK_N_1] [get_bd_nets D_PHY_CLK_P_1] [get_bd_nets D_PHY_DATA_P_1] [get_bd_cells MC_HDMI_proc_0]
update_files -from_files /tp-fmr/GuineMai/Zynq/Z7/ip_repo/MC_HDMI_proc/src/MC_HDMI_proc.vhd -to_files /tp-fmr/GuineMai/Zynq/Z7/Z7_MC_HDMI_proc/Z7_MC_HDMI_proc.srcs/sources_1/imports/src/MC_HDMI_proc.vhd -filesets [get_filesets *]
